// Jest Snapshot v1, https://goo.gl/fbAQLP

exports[`CardContainer should match the snapshot 1`] = `
ShallowWrapper {
  "length": 1,
  Symbol(enzyme.__root__): [Circular],
  Symbol(enzyme.__unrendered__): <Unknown
    selectedCards={
        Array [
            Object {
              "2004": 0.24,
              "2005": 0.278,
            },
          ]
    }
    stats={
        Array [
            Object {
              "2004": 0.24,
              "2005": 0.278,
            },
          ]
    }
/>,
  Symbol(enzyme.__renderer__): Object {
    "batchedUpdates": [Function],
    "getNode": [Function],
    "render": [Function],
    "simulateEvent": [Function],
    "unmount": [Function],
  },
  Symbol(enzyme.__node__): Object {
    "instance": null,
    "key": undefined,
    "nodeType": "host",
    "props": Object {
      "children": Array [
        <Card
          className="card clicked"
          location={undefined}
          selectCard={undefined}
          statType={undefined}
          stats={undefined}
/>,
      ],
      "className": "card-container",
    },
    "ref": null,
    "rendered": Array [
      Object {
        "instance": null,
        "key": "0",
        "nodeType": "class",
        "props": Object {
          "className": "card clicked",
          "location": undefined,
          "selectCard": undefined,
          "statType": undefined,
          "stats": undefined,
        },
        "ref": null,
        "rendered": null,
        "type": [Function],
      },
    ],
    "type": "div",
  },
  Symbol(enzyme.__nodes__): Array [
    Object {
      "instance": null,
      "key": undefined,
      "nodeType": "host",
      "props": Object {
        "children": Array [
          <Card
            className="card clicked"
            location={undefined}
            selectCard={undefined}
            statType={undefined}
            stats={undefined}
/>,
        ],
        "className": "card-container",
      },
      "ref": null,
      "rendered": Array [
        Object {
          "instance": null,
          "key": "0",
          "nodeType": "class",
          "props": Object {
            "className": "card clicked",
            "location": undefined,
            "selectCard": undefined,
            "statType": undefined,
            "stats": undefined,
          },
          "ref": null,
          "rendered": null,
          "type": [Function],
        },
      ],
      "type": "div",
    },
  ],
  Symbol(enzyme.__options__): Object {
    "adapter": ReactSixteenAdapter {
      "options": Object {
        "enableComponentDidUpdateOnSetState": true,
      },
    },
  },
}
`;
