// Jest Snapshot v1, https://goo.gl/fbAQLP

exports[`Search should match the snapshot 1`] = `
ShallowWrapper {
  "length": 1,
  Symbol(enzyme.__root__): [Circular],
  Symbol(enzyme.__unrendered__): <Search />,
  Symbol(enzyme.__renderer__): Object {
    "batchedUpdates": [Function],
    "getNode": [Function],
    "render": [Function],
    "simulateEvent": [Function],
    "unmount": [Function],
  },
  Symbol(enzyme.__node__): Object {
    "instance": null,
    "key": undefined,
    "nodeType": "host",
    "props": Object {
      "children": Array [
        <input
          onChange={[Function]}
          placeholder="Search for a district"
          type="search"
/>,
        <h2>
          Click on two cards below to compare their data.
</h2>,
      ],
      "className": "search",
    },
    "ref": null,
    "rendered": Array [
      Object {
        "instance": null,
        "key": undefined,
        "nodeType": "host",
        "props": Object {
          "onChange": [Function],
          "placeholder": "Search for a district",
          "type": "search",
        },
        "ref": null,
        "rendered": null,
        "type": "input",
      },
      Object {
        "instance": null,
        "key": undefined,
        "nodeType": "host",
        "props": Object {
          "children": "Click on two cards below to compare their data.",
        },
        "ref": null,
        "rendered": "Click on two cards below to compare their data.",
        "type": "h2",
      },
    ],
    "type": "div",
  },
  Symbol(enzyme.__nodes__): Array [
    Object {
      "instance": null,
      "key": undefined,
      "nodeType": "host",
      "props": Object {
        "children": Array [
          <input
            onChange={[Function]}
            placeholder="Search for a district"
            type="search"
/>,
          <h2>
            Click on two cards below to compare their data.
</h2>,
        ],
        "className": "search",
      },
      "ref": null,
      "rendered": Array [
        Object {
          "instance": null,
          "key": undefined,
          "nodeType": "host",
          "props": Object {
            "onChange": [Function],
            "placeholder": "Search for a district",
            "type": "search",
          },
          "ref": null,
          "rendered": null,
          "type": "input",
        },
        Object {
          "instance": null,
          "key": undefined,
          "nodeType": "host",
          "props": Object {
            "children": "Click on two cards below to compare their data.",
          },
          "ref": null,
          "rendered": "Click on two cards below to compare their data.",
          "type": "h2",
        },
      ],
      "type": "div",
    },
  ],
  Symbol(enzyme.__options__): Object {
    "adapter": ReactSixteenAdapter {
      "options": Object {
        "enableComponentDidUpdateOnSetState": true,
      },
    },
  },
}
`;
